$ bun run scripts/audit-trust-row.ts
✓ out/dmca/index.html
✓ out/valuation/index.html
✓ out/accessibility/index.html
✓ out/downloads/luxury-seller-pre-listing-checklist/index.html
✓ out/downloads/waterfront-buyer-due-diligence-checklist/index.html
✓ out/downloads/fort-lauderdale-waterfront-valuation-prep-sheet/index.html
✓ out/thank-you/buyer-brief/index.html
✓ out/thank-you/valuation/index.html
✓ out/thank-you/market-brief/index.html
✓ out/thank-you/index.html
✓ out/markets/las-olas-isles/index.html
✓ out/markets/sea-ranch-lakes/index.html
✓ out/markets/seven-isles/index.html
✓ out/markets/victoria-park/index.html
✓ out/markets/pompano-beach/index.html
✓ out/markets/fort-lauderdale/index.html
✓ out/markets/index.html
✓ out/markets/bermuda-riviera/index.html
✓ out/markets/hillsboro-mile/index.html
✓ out/markets/bay-colony/index.html
✓ out/markets/rio-vista/index.html
✓ out/markets/boca-raton/index.html
✓ out/markets/coral-ridge/index.html
✓ out/markets/palm-beach/index.html
✓ out/markets/lighthouse-point/index.html
✓ out/markets/delray-beach/index.html
✓ out/markets/harbor-beach/index.html
✓ out/privacy/index.html
✓ out/index.html
✓ out/insights/bay-colony-and-bermuda-riviera-private-waterfront/index.html
✓ out/insights/lighthouse-point-sea-ranch-lakes-hillsboro-mile/index.html
✓ out/insights/boca-raton-luxury-buyers-club-beach-waterfront/index.html
✓ out/insights/private-buyer-brief-defining-the-search/index.html
✓ out/insights/why-automated-valuations-miss-luxury-waterfront/index.html
✓ out/insights/index.html
✓ out/insights/preparing-waterfront-residence-private-market-conversations/index.html
✓ out/insights/fort-lauderdale-waterfront-buyer-guide/index.html
✓ out/insights/las-olas-vs-seven-isles-vs-harbor-beach/index.html
✓ out/insights/delray-beach-luxury-buyers-walkability-beach-waterfront/index.html
✓ out/insights/dockage-seawalls-bridge-clearance-route-to-inlet/index.html
✓ out/insights/coral-ridge-victoria-park-rio-vista/index.html
✓ out/insights/positioning-luxury-waterfront-eastern-fort-lauderdale/index.html
✓ out/sellers/index.html
✓ out/contact/index.html
✓ out/buyers/index.html
✓ out/terms/index.html
✓ out/404/index.html
✓ out/about/index.html
✓ public/downloads/fort-lauderdale-waterfront-valuation-prep-sheet.pdf
✓ public/downloads/waterfront-buyer-due-diligence-checklist.pdf
✓ public/downloads/luxury-seller-pre-listing-checklist.pdf
audit-trust-row — 51/51 sources clean (HTML routes + PDFs)
EXIT=0
