capture-baseline: 33 jobs · 3 routes × 11 viewports · concurrency 3 · base https://miasanabriarealtor.trueidea.com
output: docs/artifacts/cycle-41-homepage-hero-production-recovery/live-after/screenshots
  [2/33] ✓ / @ 360x800 (2430ms)
  [3/33] ✓ / @ 375x812 (2511ms)
  [1/33] ✓ / @ 320x800 (2557ms)
  [6/33] ✓ / @ 430x932 (2509ms)
  [4/33] ✓ / @ 390x844 (3196ms)
  [5/33] ✓ / @ 414x896 (3332ms)
  [7/33] ✓ / @ 768x1024 (2873ms)
  [8/33] ✓ / @ 1024x768 (3521ms)
  [9/33] ✓ / @ 1280x800 (3332ms)
  [10/33] ✓ / @ 1440x1000 (3119ms)
  [12/33] ✓ /home-search/ @ 320x800 (2059ms)
  [11/33] ✓ / @ 1536x864 (3122ms)
  [13/33] ✓ /home-search/ @ 360x800 (1870ms)
  [14/33] ✓ /home-search/ @ 375x812 (2178ms)
  [15/33] ✓ /home-search/ @ 390x844 (1796ms)
  [16/33] ✓ /home-search/ @ 414x896 (1827ms)
  [17/33] ✓ /home-search/ @ 430x932 (1901ms)
  [18/33] ✓ /home-search/ @ 768x1024 (2060ms)
  [19/33] ✓ /home-search/ @ 1024x768 (2148ms)
  [20/33] ✓ /home-search/ @ 1280x800 (2369ms)
  [21/33] ✓ /home-search/ @ 1440x1000 (2496ms)
  [22/33] ✓ /home-search/ @ 1536x864 (2369ms)
  [23/33] ✓ /home-search/?city=Fort%20Lauderdale&minPrice=1000000&beds=3&source=home-hero @ 320x800 (2271ms)
  [24/33] ✓ /home-search/?city=Fort%20Lauderdale&minPrice=1000000&beds=3&source=home-hero @ 360x800 (2055ms)
  [25/33] ✓ /home-search/?city=Fort%20Lauderdale&minPrice=1000000&beds=3&source=home-hero @ 375x812 (1943ms)
  [26/33] ✓ /home-search/?city=Fort%20Lauderdale&minPrice=1000000&beds=3&source=home-hero @ 390x844 (2333ms)
  [27/33] ✓ /home-search/?city=Fort%20Lauderdale&minPrice=1000000&beds=3&source=home-hero @ 414x896 (2103ms)
  [28/33] ✓ /home-search/?city=Fort%20Lauderdale&minPrice=1000000&beds=3&source=home-hero @ 430x932 (1831ms)
  [29/33] ✓ /home-search/?city=Fort%20Lauderdale&minPrice=1000000&beds=3&source=home-hero @ 768x1024 (2212ms)
  [30/33] ✓ /home-search/?city=Fort%20Lauderdale&minPrice=1000000&beds=3&source=home-hero @ 1024x768 (2689ms)
  [31/33] ✓ /home-search/?city=Fort%20Lauderdale&minPrice=1000000&beds=3&source=home-hero @ 1280x800 (3331ms)
  [32/33] ✓ /home-search/?city=Fort%20Lauderdale&minPrice=1000000&beds=3&source=home-hero @ 1440x1000 (3008ms)
  [33/33] ✓ /home-search/?city=Fort%20Lauderdale&minPrice=1000000&beds=3&source=home-hero @ 1536x864 (2684ms)

Done: 33/33 ok · 0 failed · 28s
Summary: docs/artifacts/cycle-41-homepage-hero-production-recovery/live-after/screenshots/_capture-summary.json
