capture-baseline: 33 jobs · 3 routes × 11 viewports · concurrency 3 · base https://miasanabriarealtor.trueidea.com
output: docs/artifacts/cycle-41-homepage-hero-production-recovery/live-before/screenshots
  [1/33] ✓ / @ 320x800 (3324ms)
  [3/33] ✓ / @ 375x812 (3367ms)
  [2/33] ✓ / @ 360x800 (4081ms)
  [5/33] ✓ / @ 414x896 (1952ms)
  [4/33] ✓ / @ 390x844 (2234ms)
  [6/33] ✓ / @ 430x932 (2296ms)
  [7/33] ✓ / @ 768x1024 (2231ms)
  [8/33] ✓ / @ 1024x768 (2547ms)
  [9/33] ✓ / @ 1280x800 (2327ms)
  [10/33] ✓ / @ 1440x1000 (2446ms)
  [12/33] ✓ /home-search/ @ 320x800 (1834ms)
  [11/33] ✓ / @ 1536x864 (2439ms)
  [13/33] ✓ /home-search/ @ 360x800 (1862ms)
  [15/33] ✓ /home-search/ @ 390x844 (1930ms)
  [14/33] ✓ /home-search/ @ 375x812 (1954ms)
  [16/33] ✓ /home-search/ @ 414x896 (1870ms)
  [17/33] ✓ /home-search/ @ 430x932 (1916ms)
  [18/33] ✓ /home-search/ @ 768x1024 (2027ms)
  [19/33] ✓ /home-search/ @ 1024x768 (2114ms)
  [20/33] ✓ /home-search/ @ 1280x800 (2483ms)
  [21/33] ✓ /home-search/ @ 1440x1000 (2554ms)
  [22/33] ✓ /home-search/ @ 1536x864 (2500ms)
  [23/33] ✓ /home-search/?city=Fort%20Lauderdale&minPrice=1000000&beds=3&source=home-hero @ 320x800 (2034ms)
  [24/33] ✓ /home-search/?city=Fort%20Lauderdale&minPrice=1000000&beds=3&source=home-hero @ 360x800 (2218ms)
  [25/33] ✓ /home-search/?city=Fort%20Lauderdale&minPrice=1000000&beds=3&source=home-hero @ 375x812 (2000ms)
  [26/33] ✓ /home-search/?city=Fort%20Lauderdale&minPrice=1000000&beds=3&source=home-hero @ 390x844 (2036ms)
  [27/33] ✓ /home-search/?city=Fort%20Lauderdale&minPrice=1000000&beds=3&source=home-hero @ 414x896 (1984ms)
  [28/33] ✓ /home-search/?city=Fort%20Lauderdale&minPrice=1000000&beds=3&source=home-hero @ 430x932 (2091ms)
  [29/33] ✓ /home-search/?city=Fort%20Lauderdale&minPrice=1000000&beds=3&source=home-hero @ 768x1024 (2235ms)
  [30/33] ✓ /home-search/?city=Fort%20Lauderdale&minPrice=1000000&beds=3&source=home-hero @ 1024x768 (2476ms)
  [31/33] ✓ /home-search/?city=Fort%20Lauderdale&minPrice=1000000&beds=3&source=home-hero @ 1280x800 (2501ms)
  [32/33] ✓ /home-search/?city=Fort%20Lauderdale&minPrice=1000000&beds=3&source=home-hero @ 1440x1000 (2234ms)
  [33/33] ✓ /home-search/?city=Fort%20Lauderdale&minPrice=1000000&beds=3&source=home-hero @ 1536x864 (2384ms)

Done: 33/33 ok · 0 failed · 26s
Summary: docs/artifacts/cycle-41-homepage-hero-production-recovery/live-before/screenshots/_capture-summary.json
