=== typecheck ===
$ tsc --noEmit
exit=0
=== audit:trust-row ===
✓ out/buyers/index.html
✓ out/terms/index.html
✓ out/404/index.html
✓ out/about/index.html
✓ public/downloads/fort-lauderdale-waterfront-valuation-prep-sheet.pdf
✓ public/downloads/waterfront-buyer-due-diligence-checklist.pdf
✓ public/downloads/luxury-seller-pre-listing-checklist.pdf
audit-trust-row — 51/51 sources clean (HTML routes + PDFs)
exit=0
=== audit:lead-magnets ===
✓ public/downloads/waterfront-buyer-due-diligence-checklist.pdf
   warning: page-render skipped — @napi-rs/canvas not installed
✓ public/downloads/luxury-seller-pre-listing-checklist.pdf
   warning: page-render skipped — @napi-rs/canvas not installed
✓ public/downloads/fort-lauderdale-waterfront-valuation-prep-sheet.pdf
   warning: page-render skipped — @napi-rs/canvas not installed
✓ fort-lauderdale-cta-section
audit-lead-magnets — 4/4 checks pass
exit=0
=== audit:no-fabrications ===
$ bun run scripts/audit-no-fabrications.ts
audit-no-fabrications — 0 hits
exit=0
=== audit:copy-density ===
· About — p>55: 1 · s>28: 2 · rep-geo: 3 · max-p: 90w · max-s: 35w · footer: present
· Insights index — p>55: 1 · s>28: 13 · rep-geo: 4 · max-p: 65w · max-s: 43w · footer: present
✓ Privacy (exempt) (density-exempt) — banned: 0; footer-line n/a
✓ Terms (exempt) (density-exempt) — banned: 0; footer-line n/a
✓ DMCA (exempt) (density-exempt) — banned: 0; footer-line n/a
✓ Accessibility (exempt) (density-exempt) — banned: 0; footer-line n/a
audit-copy-density — 0 FAIL · 133 WARN
report: reports/copy-density.json
exit=0
=== audit:route-inventory ===
    "/thank-you/buyer-brief",
    "/thank-you/valuation",
    "/thank-you",
    "/thank-you/market-brief"
  ],
  "pass": true
}
✓ audit-route-inventory: 40 sitemap routes reconcile to filesystem
exit=0
=== audit:qa-gate ===
$ bun run scripts/audit-qa-gate.ts
qa-gate: 4 fs-only route(s) — scanning anyway: /downloads/luxury-seller-pre-listing-checklist, /downloads/waterfront-buyer-due-diligence-checklist, /downloads/fort-lauderdale-waterfront-valuation-prep-sheet, /404
audit-qa-gate — 48 routes · critical 0 · high 4 · medium 1 · low 48
→ reports/qa-gate-matrix.json
→ reports/qa-gate-matrix.md
exit=0
=== audit:schema ===
$ bun run scripts/audit-schema.ts
audit-schema: scanned 49 pages, found 242 JSON-LD blocks (28ms).
✓ All JSON-LD blocks parse with @context + @type.
exit=0
=== audit:seo ===
$ bun run scripts/audit-seo.ts
✓ audit-seo: 0 warning(s), no errors across out/. (53ms)
exit=0
=== audit:links ===
$ bun run scripts/audit-links.ts
audit-links: scanned 49 pages, checked 2525 internal links (72ms).
✓ All internal links resolve.
exit=0
=== audit:stale ===
$ bun run scripts/audit-stale-terms.ts
✓ audit-stale-terms: clean across out/. (759ms)
exit=0
