✓ out/markets/lighthouse-point/index.html
✓ out/markets/delray-beach/index.html
✓ out/markets/deerfield-beach/index.html
✓ out/markets/sunrise/index.html
✓ out/markets/harbor-beach/index.html
✓ out/privacy/index.html
✓ out/index.html
✓ out/insights/bay-colony-and-bermuda-riviera-private-waterfront/index.html
✓ out/insights/lighthouse-point-sea-ranch-lakes-hillsboro-mile/index.html
✓ out/insights/boca-raton-luxury-buyers-club-beach-waterfront/index.html
✓ out/insights/private-buyer-brief-defining-the-search/index.html
✓ out/insights/why-automated-valuations-miss-luxury-waterfront/index.html
✓ out/insights/index.html
✓ out/insights/preparing-waterfront-residence-private-market-conversations/index.html
✓ out/insights/fort-lauderdale-waterfront-buyer-guide/index.html
✓ out/insights/las-olas-vs-seven-isles-vs-harbor-beach/index.html
✓ out/insights/delray-beach-luxury-buyers-walkability-beach-waterfront/index.html
✓ out/insights/dockage-seawalls-bridge-clearance-route-to-inlet/index.html
✓ out/insights/coral-ridge-victoria-park-rio-vista/index.html
✓ out/insights/positioning-luxury-waterfront-eastern-fort-lauderdale/index.html
✓ out/sellers/index.html
✓ out/home-search/index.html
✓ out/contact/index.html
✓ out/buyers/index.html
✓ out/terms/index.html
✓ out/404/index.html
✓ out/about/index.html
✓ public/downloads/fort-lauderdale-waterfront-valuation-prep-sheet.pdf
✓ public/downloads/waterfront-buyer-due-diligence-checklist.pdf
✓ public/downloads/luxury-seller-pre-listing-checklist.pdf
audit-trust-row — 59/59 sources clean (HTML routes + PDFs)
$ bun run scripts/audit-lead-magnets.ts
✓ public/downloads/waterfront-buyer-due-diligence-checklist.pdf
   warning: canvas render failed: Value is none of these types `String`, `Path`, 
✓ public/downloads/luxury-seller-pre-listing-checklist.pdf
   warning: canvas render failed: Value is none of these types `String`, `Path`, 
✓ public/downloads/fort-lauderdale-waterfront-valuation-prep-sheet.pdf
   warning: canvas render failed: Value is none of these types `String`, `Path`, 
✓ fort-lauderdale-cta-section
audit-lead-magnets — 4/4 checks pass
$ bun run scripts/audit-no-fabrications.ts
audit-no-fabrications — 0 hits
$ bun run scripts/audit-no-old-idx.ts
audit-no-old-idx: PASS (480 files scanned)
$ bun run scripts/audit-neighborhood-images-deep.ts
audit-neighborhood-images-deep: PASS — 23/23 markets
$ bun run scripts/audit-fort-lauderdale-standard.ts
✓ v3.heroPrecisionFrame                    "Where deepwater yacht access" present
✓ v3.preludeEyebrow                        "A decision, not a default" present
✓ v3.preludeHeading                        "Fort Lauderdale rewards a written brief" present
✓ v3.seventhCardTitle                      "Insurance underwriting and the 4-point sequence" present
✓ v3.emphasizedCardEyebrow                 "THE QUESTION BUYERS ASK MOST OFTEN" present
✓ v3.peerPointers                          12 matches (target ≥ 4)
✓ v3.antiPatternAside                      4 matches (target ≥ 2)
✓ v3.faqPrivateBriefVsAlert                "How is a private buyer brief different from a saved-search alert?" present
✓ v3.faqRouteToInletNonYachter             "Why does route-to-inlet matter for a buyer who isn" present
✓ v3.sellerPlaybookInsightsLink            "/insights/why-automated-valuations-miss-luxury-waterfront/" present
✓ v4.researchBackedEyebrow                 "What the geography actually is" present
✓ v4.researchBackedHeading                 "Fort Lauderdale, in honest scope" present
✓ v4.researchBackedSourcesLine             1 matches (target 1)
✓ v4.frameworkNineVariablesHeading         "Nine verifiable variables before any offer" present
✓ v4.frameworkCanalWidthCard               "Canal width and turning basin" present
✓ v4.frameworkOutdoorLivingCard            "Outdoor living and dock-side amenities" present
✓ v4.cohortEyebrow                         "What Fort Lauderdale buyers are actually comparing" present
✓ v4.cohortHeading                         "Three tiers of decision, not one" present
✓ v4.cohortTier1Heading                    "Tier 1 — Eastern Fort Lauderdale finger-isle peers" present
✓ v4.cohortTier2Heading                    "Tier 2 — Northern Broward waterfront alternatives" present
✓ v4.cohortTier3Heading                    "Tier 3 — Palm Beach County peers" present
✓ v4.cohortPompanoLink                     "href="/markets/pompano-beach/"" present
✓ v4.cohortHillsboroLink                   "href="/markets/hillsboro-mile/"" present
✓ v4.buyerStep5Financing                   "Confirm financing, cash, and insurance early" present
✓ v4.sellerStep3InsuranceDataroom          "Organize the insurance dataroom" present
✓ v4.sellerStep5PhotoNarrative             "Editorial photography and dock-up narrative" present
✓ v4.faqNoFixedBridges                     "What does &quot;no fixed bridges&quot; mean and where does it actually apply" present
✓ v4.faqPompanoComparison                  "How does Fort Lauderdale compare to Pompano Beach for waterfront buyers" present
✓ v4.anti.no300MilesCityScope              no banned match
✓ v4.anti.noFixedBridgesNewRiverClaim      no banned match
✓ v4.faqPageCountIs11                      FAQPage schema has 11 Question entries (target 11 = market.faqs:5 + V2 specifics:6)

audit:fort-lauderdale-standard — 31 PASS · 0 WARN · 0 FAIL
