  ✓ market-deerfield-beach @ 414x896
  ✓ market-deerfield-beach @ 430x932
  ✓ market-deerfield-beach @ 768x1024
  ✓ market-deerfield-beach @ 1280x800
  ✓ market-deerfield-beach @ 1440x1000
  ✓ market-hollywood @ 320x800
  ✓ market-hollywood @ 360x800
  ✓ market-hollywood @ 375x812
  ✓ market-hollywood @ 390x844
  ✓ market-hollywood @ 414x896
  ✓ market-hollywood @ 430x932
  ✓ market-hollywood @ 768x1024
  ✓ market-hollywood @ 1280x800
  ✓ market-hollywood @ 1440x1000
  ✓ market-plantation @ 320x800
  ✓ market-plantation @ 360x800
  ✓ market-plantation @ 375x812
  ✓ market-plantation @ 390x844
  ✓ market-plantation @ 414x896
  ✓ market-plantation @ 430x932
  ✓ market-plantation @ 768x1024
  ✓ market-plantation @ 1280x800
  ✓ market-plantation @ 1440x1000
  ✓ market-weston @ 320x800
  ✓ market-weston @ 360x800
  ✓ market-weston @ 375x812
  ✓ market-weston @ 390x844
  ✓ market-weston @ 414x896
  ✓ market-weston @ 430x932
  ✓ market-weston @ 768x1024
  ✓ market-weston @ 1280x800
  ✓ market-weston @ 1440x1000
  ✓ market-coral-springs @ 320x800
  ✓ market-coral-springs @ 360x800
  ✓ market-coral-springs @ 375x812
  ✓ market-coral-springs @ 390x844
  ✓ market-coral-springs @ 414x896
  ✓ market-coral-springs @ 430x932
  ✓ market-coral-springs @ 768x1024
  ✓ market-coral-springs @ 1280x800
  ✓ market-coral-springs @ 1440x1000
  ✓ market-davie @ 320x800
  ✓ market-davie @ 360x800
  ✓ market-davie @ 375x812
  ✓ market-davie @ 390x844
  ✓ market-davie @ 414x896
  ✓ market-davie @ 430x932
  ✓ market-davie @ 768x1024
  ✓ market-davie @ 1280x800
  ✓ market-davie @ 1440x1000
  ✓ market-sunrise @ 320x800
  ✓ market-sunrise @ 360x800
  ✓ market-sunrise @ 375x812
  ✓ market-sunrise @ 390x844
  ✓ market-sunrise @ 414x896
  ✓ market-sunrise @ 430x932
  ✓ market-sunrise @ 768x1024
  ✓ market-sunrise @ 1280x800
  ✓ market-sunrise @ 1440x1000
done.
