capture-baseline: 18 jobs · 2 routes × 9 viewports · concurrency 3 · base http://127.0.0.1:4220
output: docs/artifacts/cycle-40b-image-lab-hero-recovery/cycle40c-mobile-hero-proof/local
  [2/18] ✓ / @ 360x800 (2142ms)
  [3/18] ✓ / @ 375x812 (2781ms)
  [1/18] ✓ / @ 320x800 (2816ms)
  [4/18] ✓ / @ 390x844 (2102ms)
  [6/18] ✓ / @ 430x932 (1843ms)
  [5/18] ✓ / @ 414x896 (2059ms)
  [7/18] ✓ / @ 768x1024 (1811ms)
  [8/18] ✓ / @ 1280x800 (2252ms)
  [9/18] ✓ / @ 1440x1000 (2453ms)
  [11/18] ✓ /home-search/ @ 360x800 (1201ms)
  [10/18] ✓ /home-search/ @ 320x800 (2064ms)
  [12/18] ✓ /home-search/ @ 375x812 (1611ms)
  [14/18] ✓ /home-search/ @ 414x896 (1543ms)
  [13/18] ✓ /home-search/ @ 390x844 (1627ms)
  [15/18] ✓ /home-search/ @ 430x932 (1627ms)
  [16/18] ✓ /home-search/ @ 768x1024 (1737ms)
  [17/18] ✓ /home-search/ @ 1280x800 (1881ms)
  [18/18] ✓ /home-search/ @ 1440x1000 (1505ms)

Done: 18/18 ok · 0 failed · 12s
Summary: docs/artifacts/cycle-40b-image-lab-hero-recovery/cycle40c-mobile-hero-proof/local/_capture-summary.json
