capture-baseline: 60 jobs · 10 routes × 6 viewports · concurrency 3 · base http://127.0.0.1:4211
output: docs/artifacts/cycle-40b-image-lab-hero-recovery/local-after/screenshots
  [2/60] ✓ / @ 390x844 (2231ms)
  [1/60] ✓ / @ 375x812 (3056ms)
  [3/60] ✓ / @ 430x932 (3194ms)
  [4/60] ✓ / @ 768x1024 (2375ms)
  [5/60] ✓ / @ 1280x800 (3525ms)
  [6/60] ✓ / @ 1440x1000 (3419ms)
  [7/60] ✓ /markets/ @ 375x812 (2266ms)
  [8/60] ✓ /markets/ @ 390x844 (3130ms)
  [9/60] ✓ /markets/ @ 430x932 (3372ms)
  [10/60] ✓ /markets/ @ 768x1024 (3414ms)
  [13/60] ✓ /markets/deerfield-beach/ @ 375x812 (2717ms)
  [11/60] ✓ /markets/ @ 1280x800 (3380ms)
  [12/60] ✓ /markets/ @ 1440x1000 (3679ms)
  [14/60] ✓ /markets/deerfield-beach/ @ 390x844 (2200ms)
  [15/60] ✓ /markets/deerfield-beach/ @ 430x932 (2395ms)
  [16/60] ✓ /markets/deerfield-beach/ @ 768x1024 (2782ms)
  [17/60] ✓ /markets/deerfield-beach/ @ 1280x800 (2953ms)
  [19/60] ✓ /markets/hollywood/ @ 375x812 (2133ms)
  [18/60] ✓ /markets/deerfield-beach/ @ 1440x1000 (3169ms)
  [20/60] ✓ /markets/hollywood/ @ 390x844 (2345ms)
  [21/60] ✓ /markets/hollywood/ @ 430x932 (2307ms)
  [22/60] ✓ /markets/hollywood/ @ 768x1024 (2323ms)
  [23/60] ✓ /markets/hollywood/ @ 1280x800 (2206ms)
  [25/60] ✓ /markets/plantation/ @ 375x812 (2049ms)
  [24/60] ✓ /markets/hollywood/ @ 1440x1000 (2591ms)
  [26/60] ✓ /markets/plantation/ @ 390x844 (2695ms)
  [27/60] ✓ /markets/plantation/ @ 430x932 (2443ms)
  [28/60] ✓ /markets/plantation/ @ 768x1024 (2360ms)
  [31/60] ✓ /markets/weston/ @ 375x812 (2157ms)
  [29/60] ✓ /markets/plantation/ @ 1280x800 (3086ms)
  [30/60] ✓ /markets/plantation/ @ 1440x1000 (3603ms)
  [32/60] ✓ /markets/weston/ @ 390x844 (1895ms)
  [33/60] ✓ /markets/weston/ @ 430x932 (2219ms)
  [34/60] ✓ /markets/weston/ @ 768x1024 (3167ms)
  [35/60] ✓ /markets/weston/ @ 1280x800 (3351ms)
  [36/60] ✓ /markets/weston/ @ 1440x1000 (3084ms)
  [37/60] ✓ /markets/coral-springs/ @ 375x812 (2460ms)
  [38/60] ✓ /markets/coral-springs/ @ 390x844 (2180ms)
  [39/60] ✓ /markets/coral-springs/ @ 430x932 (2483ms)
  [40/60] ✓ /markets/coral-springs/ @ 768x1024 (2549ms)
  [41/60] ✓ /markets/coral-springs/ @ 1280x800 (2773ms)
  [42/60] ✓ /markets/coral-springs/ @ 1440x1000 (3063ms)
  [43/60] ✓ /markets/davie/ @ 375x812 (2168ms)
  [44/60] ✓ /markets/davie/ @ 390x844 (2419ms)
  [45/60] ✓ /markets/davie/ @ 430x932 (2528ms)
  [46/60] ✓ /markets/davie/ @ 768x1024 (2976ms)
  [47/60] ✓ /markets/davie/ @ 1280x800 (3022ms)
  [49/60] ✓ /markets/sunrise/ @ 375x812 (2325ms)
  [48/60] ✓ /markets/davie/ @ 1440x1000 (3447ms)
  [50/60] ✓ /markets/sunrise/ @ 390x844 (2067ms)
  [51/60] ✓ /markets/sunrise/ @ 430x932 (2189ms)
  [52/60] ✓ /markets/sunrise/ @ 768x1024 (3025ms)
  [53/60] ✓ /markets/sunrise/ @ 1280x800 (2892ms)
  [54/60] ✓ /markets/sunrise/ @ 1440x1000 (3223ms)
  [55/60] ✓ /home-search/ @ 375x812 (2114ms)
  [56/60] ✓ /home-search/ @ 390x844 (2284ms)
  [57/60] ✓ /home-search/ @ 430x932 (2239ms)
  [58/60] ✓ /home-search/ @ 768x1024 (2714ms)
  [59/60] ✓ /home-search/ @ 1280x800 (2438ms)
  [60/60] ✓ /home-search/ @ 1440x1000 (1782ms)

Done: 60/60 ok · 0 failed · 54s
Summary: docs/artifacts/cycle-40b-image-lab-hero-recovery/local-after/screenshots/_capture-summary.json
