capture-baseline: 144 jobs · 36 routes × 4 viewports · concurrency 3 · base https://miasanabriarealtor.trueidea.com
output: docs/artifacts/cycle-39-visual-truth-recovery/live-before/screenshots
  [1/144] ✓ / @ 375x812 (2345ms)
  [2/144] ✓ / @ 768x1024 (2785ms)
  [3/144] ✓ / @ 1280x800 (2807ms)
  [5/144] ✓ /about/ @ 375x812 (2084ms)
  [6/144] ✓ /about/ @ 768x1024 (2240ms)
  [4/144] ✓ / @ 1440x1000 (2734ms)
  [9/144] ✓ /buyers/ @ 375x812 (1944ms)
  [7/144] ✓ /about/ @ 1280x800 (2266ms)
  [8/144] ✓ /about/ @ 1440x1000 (2655ms)
  [10/144] ✓ /buyers/ @ 768x1024 (2029ms)
  [11/144] ✓ /buyers/ @ 1280x800 (2249ms)
  [12/144] ✓ /buyers/ @ 1440x1000 (2366ms)
  [13/144] ✓ /sellers/ @ 375x812 (1723ms)
  [14/144] ✓ /sellers/ @ 768x1024 (2034ms)
  [15/144] ✓ /sellers/ @ 1280x800 (2070ms)
  [17/144] ✓ /valuation/ @ 375x812 (1613ms)
  [16/144] ✓ /sellers/ @ 1440x1000 (2320ms)
  [18/144] ✓ /valuation/ @ 768x1024 (1932ms)
  [20/144] ✓ /valuation/ @ 1440x1000 (2299ms)
  [19/144] ✓ /valuation/ @ 1280x800 (2468ms)
  [21/144] ✓ /contact/ @ 375x812 (1885ms)
  [22/144] ✓ /contact/ @ 768x1024 (1957ms)
  [23/144] ✓ /contact/ @ 1280x800 (2321ms)
  [24/144] ✓ /contact/ @ 1440x1000 (2351ms)
  [27/144] ✓ /markets/ @ 1280x800 (3348ms)
  [25/144] ✓ /markets/ @ 375x812 (4333ms)
  [26/144] ✓ /markets/ @ 768x1024 (4294ms)
  [29/144] ✓ /markets/fort-lauderdale/ @ 375x812 (2083ms)
  [30/144] ✓ /markets/fort-lauderdale/ @ 768x1024 (2805ms)
  [28/144] ✓ /markets/ @ 1440x1000 (3649ms)
  [31/144] ✓ /markets/fort-lauderdale/ @ 1280x800 (2436ms)
  [32/144] ✓ /markets/fort-lauderdale/ @ 1440x1000 (2612ms)
  [33/144] ✓ /markets/coral-ridge/ @ 375x812 (2785ms)
  [34/144] ✓ /markets/coral-ridge/ @ 768x1024 (2243ms)
  [37/144] ✓ /markets/victoria-park/ @ 375x812 (1816ms)
  [35/144] ✓ /markets/coral-ridge/ @ 1280x800 (2764ms)
  [36/144] ✓ /markets/coral-ridge/ @ 1440x1000 (3033ms)
  [38/144] ✓ /markets/victoria-park/ @ 768x1024 (2107ms)
  [39/144] ✓ /markets/victoria-park/ @ 1280x800 (2983ms)
  [40/144] ✓ /markets/victoria-park/ @ 1440x1000 (2629ms)
  [41/144] ✓ /markets/boca-raton/ @ 375x812 (2237ms)
  [42/144] ✓ /markets/boca-raton/ @ 768x1024 (2206ms)
  [43/144] ✓ /markets/boca-raton/ @ 1280x800 (2227ms)
  [44/144] ✓ /markets/boca-raton/ @ 1440x1000 (2477ms)
  [45/144] ✓ /markets/palm-beach/ @ 375x812 (1914ms)
  [46/144] ✓ /markets/palm-beach/ @ 768x1024 (2122ms)
  [47/144] ✓ /markets/palm-beach/ @ 1280x800 (2208ms)
  [48/144] ✓ /markets/palm-beach/ @ 1440x1000 (2700ms)
  [49/144] ✓ /markets/delray-beach/ @ 375x812 (2218ms)
  [50/144] ✓ /markets/delray-beach/ @ 768x1024 (2488ms)
  [51/144] ✓ /markets/delray-beach/ @ 1280x800 (2244ms)
  [52/144] ✓ /markets/delray-beach/ @ 1440x1000 (2750ms)
  [53/144] ✓ /markets/lighthouse-point/ @ 375x812 (1966ms)
  [54/144] ✓ /markets/lighthouse-point/ @ 768x1024 (2051ms)
  [55/144] ✓ /markets/lighthouse-point/ @ 1280x800 (2704ms)
  [56/144] ✓ /markets/lighthouse-point/ @ 1440x1000 (2344ms)
  [57/144] ✓ /markets/rio-vista/ @ 375x812 (1946ms)
  [58/144] ✓ /markets/rio-vista/ @ 768x1024 (2232ms)
  [59/144] ✓ /markets/rio-vista/ @ 1280x800 (2418ms)
  [60/144] ✓ /markets/rio-vista/ @ 1440x1000 (3171ms)
  [61/144] ✓ /markets/harbor-beach/ @ 375x812 (2203ms)
  [62/144] ✓ /markets/harbor-beach/ @ 768x1024 (2727ms)
  [63/144] ✓ /markets/harbor-beach/ @ 1280x800 (2417ms)
  [64/144] ✓ /markets/harbor-beach/ @ 1440x1000 (2456ms)
  [65/144] ✓ /markets/las-olas-isles/ @ 375x812 (2070ms)
  [66/144] ✓ /markets/las-olas-isles/ @ 768x1024 (2340ms)
  [67/144] ✓ /markets/las-olas-isles/ @ 1280x800 (2471ms)
  [69/144] ✓ /markets/seven-isles/ @ 375x812 (1944ms)
  [68/144] ✓ /markets/las-olas-isles/ @ 1440x1000 (2926ms)
  [70/144] ✓ /markets/seven-isles/ @ 768x1024 (2265ms)
  [71/144] ✓ /markets/seven-isles/ @ 1280x800 (2318ms)
  [72/144] ✓ /markets/seven-isles/ @ 1440x1000 (2888ms)
  [73/144] ✓ /markets/sea-ranch-lakes/ @ 375x812 (2205ms)
  [75/144] ✓ /markets/sea-ranch-lakes/ @ 1280x800 (2582ms)
  [74/144] ✓ /markets/sea-ranch-lakes/ @ 768x1024 (3247ms)
  [76/144] ✓ /markets/sea-ranch-lakes/ @ 1440x1000 (2798ms)
  [77/144] ✓ /markets/hillsboro-mile/ @ 375x812 (2004ms)
  [78/144] ✓ /markets/hillsboro-mile/ @ 768x1024 (2399ms)
  [79/144] ✓ /markets/hillsboro-mile/ @ 1280x800 (2624ms)
  [80/144] ✓ /markets/hillsboro-mile/ @ 1440x1000 (2450ms)
  [81/144] ✓ /markets/bay-colony/ @ 375x812 (2408ms)
  [82/144] ✓ /markets/bay-colony/ @ 768x1024 (2419ms)
  [83/144] ✓ /markets/bay-colony/ @ 1280x800 (2168ms)
  [84/144] ✓ /markets/bay-colony/ @ 1440x1000 (2405ms)
  [85/144] ✓ /markets/bermuda-riviera/ @ 375x812 (1893ms)
  [86/144] ✓ /markets/bermuda-riviera/ @ 768x1024 (2083ms)
  [87/144] ✓ /markets/bermuda-riviera/ @ 1280x800 (2354ms)
  [88/144] ✓ /markets/bermuda-riviera/ @ 1440x1000 (2839ms)
  [89/144] ✓ /markets/pompano-beach/ @ 375x812 (2225ms)
  [90/144] ✓ /markets/pompano-beach/ @ 768x1024 (2589ms)
  [91/144] ✓ /markets/pompano-beach/ @ 1280x800 (2367ms)
  [92/144] ✓ /markets/pompano-beach/ @ 1440x1000 (2625ms)
  [93/144] ✓ /markets/deerfield-beach/ @ 375x812 (1934ms)
  [94/144] ✓ /markets/deerfield-beach/ @ 768x1024 (2012ms)
  [95/144] ✓ /markets/deerfield-beach/ @ 1280x800 (2137ms)
  [97/144] ✓ /markets/hollywood/ @ 375x812 (1826ms)
  [96/144] ✓ /markets/deerfield-beach/ @ 1440x1000 (2590ms)
  [98/144] ✓ /markets/hollywood/ @ 768x1024 (2284ms)
  [99/144] ✓ /markets/hollywood/ @ 1280x800 (2338ms)
  [100/144] ✓ /markets/hollywood/ @ 1440x1000 (2580ms)
  [101/144] ✓ /markets/plantation/ @ 375x812 (1958ms)
  [102/144] ✓ /markets/plantation/ @ 768x1024 (1882ms)
  [103/144] ✓ /markets/plantation/ @ 1280x800 (2529ms)
  [104/144] ✓ /markets/plantation/ @ 1440x1000 (2418ms)
  [105/144] ✓ /markets/weston/ @ 375x812 (2024ms)
  [106/144] ✓ /markets/weston/ @ 768x1024 (2056ms)
  [107/144] ✓ /markets/weston/ @ 1280x800 (2164ms)
  [108/144] ✓ /markets/weston/ @ 1440x1000 (2458ms)
  [109/144] ✓ /markets/coral-springs/ @ 375x812 (2000ms)
  [110/144] ✓ /markets/coral-springs/ @ 768x1024 (1993ms)
  [111/144] ✓ /markets/coral-springs/ @ 1280x800 (2338ms)
  [112/144] ✓ /markets/coral-springs/ @ 1440x1000 (2465ms)
  [113/144] ✓ /markets/davie/ @ 375x812 (1929ms)
  [114/144] ✓ /markets/davie/ @ 768x1024 (2114ms)
  [115/144] ✓ /markets/davie/ @ 1280x800 (2216ms)
  [116/144] ✓ /markets/davie/ @ 1440x1000 (2610ms)
  [117/144] ✓ /markets/sunrise/ @ 375x812 (1925ms)
  [118/144] ✓ /markets/sunrise/ @ 768x1024 (2732ms)
  [119/144] ✓ /markets/sunrise/ @ 1280x800 (2750ms)
  [120/144] ✓ /markets/sunrise/ @ 1440x1000 (2657ms)
  [121/144] ✓ /insights/ @ 375x812 (1761ms)
  [122/144] ✓ /insights/ @ 768x1024 (1895ms)
  [123/144] ✓ /insights/ @ 1280x800 (1861ms)
  [124/144] ✓ /insights/ @ 1440x1000 (1864ms)
  [125/144] ✓ /privacy/ @ 375x812 (1853ms)
  [126/144] ✓ /privacy/ @ 768x1024 (1759ms)
  [127/144] ✓ /privacy/ @ 1280x800 (1755ms)
  [128/144] ✓ /privacy/ @ 1440x1000 (1930ms)
  [129/144] ✓ /terms/ @ 375x812 (1779ms)
  [130/144] ✓ /terms/ @ 768x1024 (1740ms)
  [131/144] ✓ /terms/ @ 1280x800 (1872ms)
  [132/144] ✓ /terms/ @ 1440x1000 (1995ms)
  [133/144] ✓ /accessibility/ @ 375x812 (1802ms)
  [134/144] ✓ /accessibility/ @ 768x1024 (1726ms)
  [135/144] ✓ /accessibility/ @ 1280x800 (2347ms)
  [136/144] ✓ /accessibility/ @ 1440x1000 (1964ms)
  [137/144] ✓ /dmca/ @ 375x812 (1807ms)
  [138/144] ✓ /dmca/ @ 768x1024 (1817ms)
  [139/144] ✓ /dmca/ @ 1280x800 (2024ms)
  [140/144] ✓ /dmca/ @ 1440x1000 (1988ms)
  [141/144] ✓ /404 @ 375x812 (1801ms)
  [142/144] ✓ /404 @ 768x1024 (1967ms)
  [143/144] ✓ /404 @ 1280x800 (1933ms)
  [144/144] ✓ /404 @ 1440x1000 (1797ms)

Done: 144/144 ok · 0 failed · 111s
Summary: docs/artifacts/cycle-39-visual-truth-recovery/live-before/screenshots/_capture-summary.json
EXIT_CODE:0
