capture-baseline: 144 jobs · 36 routes × 4 viewports · concurrency 3 · base https://miasanabriarealtor.trueidea.com
output: docs/artifacts/cycle-39-visual-truth-recovery/live-after/screenshots
  [1/144] ✓ / @ 375x812 (2183ms)
  [2/144] ✓ / @ 768x1024 (2524ms)
  [3/144] ✓ / @ 1280x800 (2746ms)
  [5/144] ✓ /about/ @ 375x812 (2070ms)
  [4/144] ✓ / @ 1440x1000 (2410ms)
  [6/144] ✓ /about/ @ 768x1024 (2341ms)
  [9/144] ✓ /buyers/ @ 375x812 (1791ms)
  [7/144] ✓ /about/ @ 1280x800 (2459ms)
  [8/144] ✓ /about/ @ 1440x1000 (2479ms)
  [10/144] ✓ /buyers/ @ 768x1024 (2071ms)
  [12/144] ✓ /buyers/ @ 1440x1000 (2483ms)
  [11/144] ✓ /buyers/ @ 1280x800 (2566ms)
  [13/144] ✓ /sellers/ @ 375x812 (1775ms)
  [14/144] ✓ /sellers/ @ 768x1024 (2041ms)
  [15/144] ✓ /sellers/ @ 1280x800 (2485ms)
  [16/144] ✓ /sellers/ @ 1440x1000 (2450ms)
  [17/144] ✓ /valuation/ @ 375x812 (2078ms)
  [18/144] ✓ /valuation/ @ 768x1024 (2148ms)
  [19/144] ✓ /valuation/ @ 1280x800 (2321ms)
  [20/144] ✓ /valuation/ @ 1440x1000 (2302ms)
  [21/144] ✓ /contact/ @ 375x812 (1857ms)
  [22/144] ✓ /contact/ @ 768x1024 (1914ms)
  [23/144] ✓ /contact/ @ 1280x800 (2124ms)
  [24/144] ✓ /contact/ @ 1440x1000 (2468ms)
  [25/144] ✓ /markets/ @ 375x812 (2986ms)
  [26/144] ✓ /markets/ @ 768x1024 (3135ms)
  [27/144] ✓ /markets/ @ 1280x800 (3609ms)
  [29/144] ✓ /markets/fort-lauderdale/ @ 375x812 (2191ms)
  [30/144] ✓ /markets/fort-lauderdale/ @ 768x1024 (2119ms)
  [28/144] ✓ /markets/ @ 1440x1000 (4327ms)
  [31/144] ✓ /markets/fort-lauderdale/ @ 1280x800 (2642ms)
  [32/144] ✓ /markets/fort-lauderdale/ @ 1440x1000 (2582ms)
  [33/144] ✓ /markets/coral-ridge/ @ 375x812 (2308ms)
  [34/144] ✓ /markets/coral-ridge/ @ 768x1024 (2323ms)
  [35/144] ✓ /markets/coral-ridge/ @ 1280x800 (2544ms)
  [36/144] ✓ /markets/coral-ridge/ @ 1440x1000 (2644ms)
  [37/144] ✓ /markets/victoria-park/ @ 375x812 (2102ms)
  [38/144] ✓ /markets/victoria-park/ @ 768x1024 (2254ms)
  [39/144] ✓ /markets/victoria-park/ @ 1280x800 (2478ms)
  [40/144] ✓ /markets/victoria-park/ @ 1440x1000 (2576ms)
  [41/144] ✓ /markets/boca-raton/ @ 375x812 (2049ms)
  [42/144] ✓ /markets/boca-raton/ @ 768x1024 (2175ms)
  [43/144] ✓ /markets/boca-raton/ @ 1280x800 (2227ms)
  [44/144] ✓ /markets/boca-raton/ @ 1440x1000 (2260ms)
  [45/144] ✓ /markets/palm-beach/ @ 375x812 (1813ms)
  [46/144] ✓ /markets/palm-beach/ @ 768x1024 (2069ms)
  [47/144] ✓ /markets/palm-beach/ @ 1280x800 (2184ms)
  [48/144] ✓ /markets/palm-beach/ @ 1440x1000 (2387ms)
  [49/144] ✓ /markets/delray-beach/ @ 375x812 (1950ms)
  [51/144] ✓ /markets/delray-beach/ @ 1280x800 (2305ms)
  [50/144] ✓ /markets/delray-beach/ @ 768x1024 (3102ms)
  [52/144] ✓ /markets/delray-beach/ @ 1440x1000 (2294ms)
  [53/144] ✓ /markets/lighthouse-point/ @ 375x812 (1788ms)
  [54/144] ✓ /markets/lighthouse-point/ @ 768x1024 (2313ms)
  [55/144] ✓ /markets/lighthouse-point/ @ 1280x800 (2217ms)
  [56/144] ✓ /markets/lighthouse-point/ @ 1440x1000 (2492ms)
  [57/144] ✓ /markets/rio-vista/ @ 375x812 (2066ms)
  [58/144] ✓ /markets/rio-vista/ @ 768x1024 (2187ms)
  [59/144] ✓ /markets/rio-vista/ @ 1280x800 (2271ms)
  [60/144] ✓ /markets/rio-vista/ @ 1440x1000 (2486ms)
  [61/144] ✓ /markets/harbor-beach/ @ 375x812 (2599ms)
  [62/144] ✓ /markets/harbor-beach/ @ 768x1024 (2279ms)
  [63/144] ✓ /markets/harbor-beach/ @ 1280x800 (2302ms)
  [64/144] ✓ /markets/harbor-beach/ @ 1440x1000 (2414ms)
  [66/144] ✓ /markets/las-olas-isles/ @ 768x1024 (2041ms)
  [65/144] ✓ /markets/las-olas-isles/ @ 375x812 (2827ms)
  [67/144] ✓ /markets/las-olas-isles/ @ 1280x800 (2546ms)
  [69/144] ✓ /markets/seven-isles/ @ 375x812 (2138ms)
  [68/144] ✓ /markets/las-olas-isles/ @ 1440x1000 (2992ms)
  [70/144] ✓ /markets/seven-isles/ @ 768x1024 (2190ms)
  [71/144] ✓ /markets/seven-isles/ @ 1280x800 (2303ms)
  [73/144] ✓ /markets/sea-ranch-lakes/ @ 375x812 (1809ms)
  [72/144] ✓ /markets/seven-isles/ @ 1440x1000 (2208ms)
  [74/144] ✓ /markets/sea-ranch-lakes/ @ 768x1024 (2167ms)
  [75/144] ✓ /markets/sea-ranch-lakes/ @ 1280x800 (2373ms)
  [76/144] ✓ /markets/sea-ranch-lakes/ @ 1440x1000 (2649ms)
  [77/144] ✓ /markets/hillsboro-mile/ @ 375x812 (1869ms)
  [78/144] ✓ /markets/hillsboro-mile/ @ 768x1024 (2634ms)
  [79/144] ✓ /markets/hillsboro-mile/ @ 1280x800 (2836ms)
  [80/144] ✓ /markets/hillsboro-mile/ @ 1440x1000 (2644ms)
  [81/144] ✓ /markets/bay-colony/ @ 375x812 (2280ms)
  [82/144] ✓ /markets/bay-colony/ @ 768x1024 (2119ms)
  [83/144] ✓ /markets/bay-colony/ @ 1280x800 (2432ms)
  [84/144] ✓ /markets/bay-colony/ @ 1440x1000 (2243ms)
  [85/144] ✓ /markets/bermuda-riviera/ @ 375x812 (2207ms)
  [86/144] ✓ /markets/bermuda-riviera/ @ 768x1024 (2333ms)
  [87/144] ✓ /markets/bermuda-riviera/ @ 1280x800 (2161ms)
  [88/144] ✓ /markets/bermuda-riviera/ @ 1440x1000 (2354ms)
  [89/144] ✓ /markets/pompano-beach/ @ 375x812 (1971ms)
  [90/144] ✓ /markets/pompano-beach/ @ 768x1024 (2021ms)
  [91/144] ✓ /markets/pompano-beach/ @ 1280x800 (2221ms)
  [93/144] ✓ /markets/deerfield-beach/ @ 375x812 (1884ms)
  [92/144] ✓ /markets/pompano-beach/ @ 1440x1000 (3200ms)
  [94/144] ✓ /markets/deerfield-beach/ @ 768x1024 (2003ms)
  [95/144] ✓ /markets/deerfield-beach/ @ 1280x800 (2204ms)
  [97/144] ✓ /markets/hollywood/ @ 375x812 (1885ms)
  [96/144] ✓ /markets/deerfield-beach/ @ 1440x1000 (3059ms)
  [98/144] ✓ /markets/hollywood/ @ 768x1024 (2077ms)
  [99/144] ✓ /markets/hollywood/ @ 1280x800 (2171ms)
  [100/144] ✓ /markets/hollywood/ @ 1440x1000 (2508ms)
  [101/144] ✓ /markets/plantation/ @ 375x812 (1991ms)
  [102/144] ✓ /markets/plantation/ @ 768x1024 (2160ms)
  [103/144] ✓ /markets/plantation/ @ 1280x800 (2330ms)
  [104/144] ✓ /markets/plantation/ @ 1440x1000 (2261ms)
  [105/144] ✓ /markets/weston/ @ 375x812 (2009ms)
  [106/144] ✓ /markets/weston/ @ 768x1024 (2182ms)
  [107/144] ✓ /markets/weston/ @ 1280x800 (2520ms)
  [108/144] ✓ /markets/weston/ @ 1440x1000 (2528ms)
  [109/144] ✓ /markets/coral-springs/ @ 375x812 (1916ms)
  [110/144] ✓ /markets/coral-springs/ @ 768x1024 (2023ms)
  [111/144] ✓ /markets/coral-springs/ @ 1280x800 (2359ms)
  [112/144] ✓ /markets/coral-springs/ @ 1440x1000 (2360ms)
  [113/144] ✓ /markets/davie/ @ 375x812 (1763ms)
  [114/144] ✓ /markets/davie/ @ 768x1024 (2201ms)
  [115/144] ✓ /markets/davie/ @ 1280x800 (2605ms)
  [116/144] ✓ /markets/davie/ @ 1440x1000 (2519ms)
  [117/144] ✓ /markets/sunrise/ @ 375x812 (2029ms)
  [118/144] ✓ /markets/sunrise/ @ 768x1024 (2204ms)
  [119/144] ✓ /markets/sunrise/ @ 1280x800 (2332ms)
  [120/144] ✓ /markets/sunrise/ @ 1440x1000 (2432ms)
  [121/144] ✓ /insights/ @ 375x812 (1792ms)
  [122/144] ✓ /insights/ @ 768x1024 (2180ms)
  [123/144] ✓ /insights/ @ 1280x800 (1870ms)
  [124/144] ✓ /insights/ @ 1440x1000 (1938ms)
  [125/144] ✓ /privacy/ @ 375x812 (1759ms)
  [126/144] ✓ /privacy/ @ 768x1024 (1679ms)
  [127/144] ✓ /privacy/ @ 1280x800 (2115ms)
  [128/144] ✓ /privacy/ @ 1440x1000 (2062ms)
  [129/144] ✓ /terms/ @ 375x812 (1744ms)
  [130/144] ✓ /terms/ @ 768x1024 (1769ms)
  [131/144] ✓ /terms/ @ 1280x800 (2226ms)
  [132/144] ✓ /terms/ @ 1440x1000 (2246ms)
  [133/144] ✓ /accessibility/ @ 375x812 (1695ms)
  [134/144] ✓ /accessibility/ @ 768x1024 (1761ms)
  [135/144] ✓ /accessibility/ @ 1280x800 (2057ms)
  [136/144] ✓ /accessibility/ @ 1440x1000 (1949ms)
  [137/144] ✓ /dmca/ @ 375x812 (1753ms)
  [138/144] ✓ /dmca/ @ 768x1024 (1897ms)
  [139/144] ✓ /dmca/ @ 1280x800 (1978ms)
  [140/144] ✓ /dmca/ @ 1440x1000 (2124ms)
  [141/144] ✓ /404 @ 375x812 (1938ms)
  [142/144] ✓ /404 @ 768x1024 (1826ms)
  [143/144] ✓ /404 @ 1280x800 (1800ms)
  [144/144] ✓ /404 @ 1440x1000 (2328ms)

Done: 144/144 ok · 0 failed · 110s
Summary: docs/artifacts/cycle-39-visual-truth-recovery/live-after/screenshots/_capture-summary.json
EXIT_CODE:0
