=== https://miasanabriarealtor.trueidea.com/?cb=98306e94507112c4 ===
HTTP/2 200 
IDX
LPT Realty
Mia Sanabria
MLS
Search available
South Florida Lifestyle
---
=== https://miasanabriarealtor.trueidea.com/home-search/?cb=17b2ed2601264acc ===
HTTP/2 200 
data-bridge-runtime-mode="demo"
IDX
LPT Realty
Mia Sanabria
MLS
Search available
South Florida Lifestyle
---
=== https://miasanabriarealtor.trueidea.com/home-search/?city=Fort%20Lauderdale&cb=6395b6bb9c7cf4fb ===
HTTP/2 200 
data-bridge-runtime-mode="demo"
IDX
LPT Realty
Mia Sanabria
MLS
Search available
South Florida Lifestyle
---
=== https://miasanabriarealtor.trueidea.com/markets/?cb=3b402039d01ad65d ===
HTTP/2 200 
IDX
LPT Realty
Mia Sanabria
---
=== https://miasanabriarealtor.trueidea.com/buyers/?cb=4a3e8dd8038ae979 ===
HTTP/2 200 
IDX
LPT Realty
Mia Sanabria
---
=== https://miasanabriarealtor.trueidea.com/sellers/?cb=83ab3f98a9ee4d26 ===
HTTP/2 200 
IDX
LPT Realty
Mia Sanabria
MLS
---
=== https://miasanabriarealtor.trueidea.com/about/?cb=2e91cb5833bc853f ===
HTTP/2 200 
IDX
LPT Realty
Mia Sanabria
---
=== https://miasanabriarealtor.trueidea.com/contact/?cb=b9395bbdd5693f05 ===
HTTP/2 200 
IDX
LPT Realty
Mia Sanabria
---
=== https://miasanabriarealtor.trueidea.com/insights/?cb=c3cc7c440fc0bb31 ===
HTTP/2 200 
IDX
LPT Realty
Mia Sanabria
MLS
---
=== https://miasanabriarealtor.trueidea.com/privacy/?cb=e04fbf8b5bc54061 ===
HTTP/2 200 
IDX
LPT Realty
Mia Sanabria
---
=== https://miasanabriarealtor.trueidea.com/terms/?cb=e3e1c70797157700 ===
HTTP/2 200 
IDX
LPT Realty
Mia Sanabria
MLS
---
=== https://miasanabriarealtor.trueidea.com/accessibility/?cb=3dd1e9ef8ad0d965 ===
HTTP/2 200 
IDX
LPT Realty
Mia Sanabria
MLS
---
=== https://miasanabriarealtor.trueidea.com/dmca/?cb=3f016483b14d5cb8 ===
HTTP/2 200 
IDX
LPT Realty
Mia Sanabria
---
=== https://miasanabriarealtor.trueidea.com/markets/coral-springs/?cb=a846f056333046e5 ===
HTTP/2 200 
IDX
LPT Realty
Mia Sanabria
---
=== https://miasanabriarealtor.trueidea.com/markets/davie/?cb=8d2c7aa723d4d86d ===
HTTP/2 200 
IDX
LPT Realty
Mia Sanabria
---
=== https://miasanabriarealtor.trueidea.com/markets/deerfield-beach/?cb=007837035fafa9cc ===
HTTP/2 200 
IDX
LPT Realty
Mia Sanabria
---
=== https://miasanabriarealtor.trueidea.com/markets/hollywood/?cb=3e9fe61cb45ea37f ===
HTTP/2 200 
IDX
LPT Realty
Mia Sanabria
---
=== https://miasanabriarealtor.trueidea.com/markets/plantation/?cb=c40bb54a6b18a19a ===
HTTP/2 200 
IDX
LPT Realty
Mia Sanabria
---
=== https://miasanabriarealtor.trueidea.com/markets/sunrise/?cb=adc39bf13326e5f8 ===
HTTP/2 200 
IDX
LPT Realty
Mia Sanabria
---
=== https://miasanabriarealtor.trueidea.com/markets/weston/?cb=a7516e58a765a746 ===
HTTP/2 200 
IDX
LPT Realty
Mia Sanabria
---
=== https://miasanabriarealtor.trueidea.com/markets/fort-lauderdale/?cb=9bf2c6c0c8828e3b ===
HTTP/2 200 
IDX
LPT Realty
Mia Sanabria
---
=== https://miasanabriarealtor.trueidea.com/markets/pompano-beach/?cb=cbaa0f48e726c118 ===
HTTP/2 200 
IDX
LPT Realty
Mia Sanabria
---
