capture-baseline: 39 jobs · 13 routes × 3 viewports · concurrency 3 · base http://127.0.0.1:4176
output: docs/artifacts/cycle-36-bridge-live-integration/visual-qa/local
  [1/39] ✓ / @ 375x812 (9022ms)
  [2/39] ✓ / @ 768x1024 (9059ms)
  [3/39] ✓ / @ 1280x800 (9476ms)
  [4/39] ✓ /home-search/ @ 375x812 (4258ms)
  [5/39] ✓ /home-search/ @ 768x1024 (4345ms)
  [7/39] ✓ /markets/ @ 375x812 (1792ms)
  [8/39] ✓ /markets/ @ 768x1024 (2417ms)
  [6/39] ✓ /home-search/ @ 1280x800 (7183ms)
  [10/39] ✓ /markets/seven-isles/ @ 375x812 (2297ms)
  [9/39] ✓ /markets/ @ 1280x800 (3597ms)
  [11/39] ✓ /markets/seven-isles/ @ 768x1024 (2543ms)
  [13/39] ✓ /markets/pompano-beach/ @ 375x812 (2731ms)
  [12/39] ✓ /markets/seven-isles/ @ 1280x800 (3336ms)
  [14/39] ✓ /markets/pompano-beach/ @ 768x1024 (2884ms)
  [16/39] ✓ /markets/fort-lauderdale/ @ 375x812 (3031ms)
  [15/39] ✓ /markets/pompano-beach/ @ 1280x800 (3173ms)
  [17/39] ✓ /markets/fort-lauderdale/ @ 768x1024 (3165ms)
  [19/39] ✓ /about/ @ 375x812 (2419ms)
  [20/39] ✓ /about/ @ 768x1024 (2615ms)
  [18/39] ✓ /markets/fort-lauderdale/ @ 1280x800 (3435ms)
  [21/39] ✓ /about/ @ 1280x800 (2670ms)
  [22/39] ✓ /insights/ @ 375x812 (2245ms)
  [23/39] ✓ /insights/ @ 768x1024 (2268ms)
  [24/39] ✓ /insights/ @ 1280x800 (2533ms)
  [25/39] ✓ /buyers/ @ 375x812 (2356ms)
  [26/39] ✓ /buyers/ @ 768x1024 (2625ms)
  [28/39] ✓ /sellers/ @ 375x812 (2195ms)
  [27/39] ✓ /buyers/ @ 1280x800 (2713ms)
  [29/39] ✓ /sellers/ @ 768x1024 (3330ms)
  [30/39] ✓ /sellers/ @ 1280x800 (2872ms)
  [31/39] ✓ /contact/ @ 375x812 (2626ms)
  [32/39] ✓ /contact/ @ 768x1024 (2642ms)
  [34/39] ✓ /privacy/ @ 375x812 (2398ms)
  [33/39] ✓ /contact/ @ 1280x800 (2819ms)
  [35/39] ✓ /privacy/ @ 768x1024 (2325ms)
  [36/39] ✓ /privacy/ @ 1280x800 (2248ms)
  [37/39] ✓ /terms/ @ 375x812 (2024ms)
  [38/39] ✓ /terms/ @ 768x1024 (2031ms)
  [39/39] ✓ /terms/ @ 1280x800 (1419ms)

Done: 39/39 ok · 0 failed · 44s
Summary: docs/artifacts/cycle-36-bridge-live-integration/visual-qa/local/_capture-summary.json
