capture-baseline: 108 jobs · 36 routes × 3 viewports · concurrency 3 · base https://miasanabriarealtor.trueidea.com
output: docs/artifacts/cycle-36-bridge-live-integration/visual-qa/staging
  [2/108] ✓ / @ 768x1024 (4221ms)
  [1/108] ✓ / @ 375x812 (4252ms)
  [3/108] ✓ / @ 1280x800 (4572ms)
  [4/108] ✓ /about/ @ 375x812 (1872ms)
  [5/108] ✓ /about/ @ 768x1024 (2150ms)
  [6/108] ✓ /about/ @ 1280x800 (2418ms)
  [7/108] ✓ /buyers/ @ 375x812 (1749ms)
  [8/108] ✓ /buyers/ @ 768x1024 (2125ms)
  [9/108] ✓ /buyers/ @ 1280x800 (2260ms)
  [10/108] ✓ /sellers/ @ 375x812 (1866ms)
  [11/108] ✓ /sellers/ @ 768x1024 (1919ms)
  [12/108] ✓ /sellers/ @ 1280x800 (2130ms)
  [13/108] ✓ /valuation/ @ 375x812 (1746ms)
  [14/108] ✓ /valuation/ @ 768x1024 (1960ms)
  [16/108] ✓ /contact/ @ 375x812 (1926ms)
  [15/108] ✓ /valuation/ @ 1280x800 (2369ms)
  [17/108] ✓ /contact/ @ 768x1024 (1974ms)
  [18/108] ✓ /contact/ @ 1280x800 (2231ms)
  [19/108] ✓ /markets/ @ 375x812 (2258ms)
  [20/108] ✓ /markets/ @ 768x1024 (2669ms)
  [22/108] ✓ /markets/fort-lauderdale/ @ 375x812 (1831ms)
  [21/108] ✓ /markets/ @ 1280x800 (3192ms)
  [23/108] ✓ /markets/fort-lauderdale/ @ 768x1024 (2185ms)
  [24/108] ✓ /markets/fort-lauderdale/ @ 1280x800 (2471ms)
  [25/108] ✓ /markets/coral-ridge/ @ 375x812 (1924ms)
  [26/108] ✓ /markets/coral-ridge/ @ 768x1024 (2538ms)
  [28/108] ✓ /markets/victoria-park/ @ 375x812 (1719ms)
  [27/108] ✓ /markets/coral-ridge/ @ 1280x800 (2193ms)
  [29/108] ✓ /markets/victoria-park/ @ 768x1024 (2116ms)
  [31/108] ✓ /markets/boca-raton/ @ 375x812 (1864ms)
  [30/108] ✓ /markets/victoria-park/ @ 1280x800 (2393ms)
  [32/108] ✓ /markets/boca-raton/ @ 768x1024 (1963ms)
  [33/108] ✓ /markets/boca-raton/ @ 1280x800 (2166ms)
  [34/108] ✓ /markets/palm-beach/ @ 375x812 (1878ms)
  [35/108] ✓ /markets/palm-beach/ @ 768x1024 (2032ms)
  [37/108] ✓ /markets/delray-beach/ @ 375x812 (1955ms)
  [36/108] ✓ /markets/palm-beach/ @ 1280x800 (2238ms)
  [38/108] ✓ /markets/delray-beach/ @ 768x1024 (2036ms)
  [40/108] ✓ /markets/lighthouse-point/ @ 375x812 (1920ms)
  [39/108] ✓ /markets/delray-beach/ @ 1280x800 (2411ms)
  [41/108] ✓ /markets/lighthouse-point/ @ 768x1024 (2205ms)
  [42/108] ✓ /markets/lighthouse-point/ @ 1280x800 (2183ms)
  [43/108] ✓ /markets/rio-vista/ @ 375x812 (2437ms)
  [44/108] ✓ /markets/rio-vista/ @ 768x1024 (2127ms)
  [46/108] ✓ /markets/harbor-beach/ @ 375x812 (1788ms)
  [45/108] ✓ /markets/rio-vista/ @ 1280x800 (2662ms)
  [47/108] ✓ /markets/harbor-beach/ @ 768x1024 (2183ms)
  [49/108] ✓ /markets/las-olas-isles/ @ 375x812 (1894ms)
  [48/108] ✓ /markets/harbor-beach/ @ 1280x800 (2218ms)
  [50/108] ✓ /markets/las-olas-isles/ @ 768x1024 (2127ms)
  [52/108] ✓ /markets/seven-isles/ @ 375x812 (1895ms)
  [51/108] ✓ /markets/las-olas-isles/ @ 1280x800 (2964ms)
  [53/108] ✓ /markets/seven-isles/ @ 768x1024 (1996ms)
  [54/108] ✓ /markets/seven-isles/ @ 1280x800 (2270ms)
  [55/108] ✓ /markets/sea-ranch-lakes/ @ 375x812 (1920ms)
  [56/108] ✓ /markets/sea-ranch-lakes/ @ 768x1024 (2235ms)
  [57/108] ✓ /markets/sea-ranch-lakes/ @ 1280x800 (2246ms)
  [58/108] ✓ /markets/hillsboro-mile/ @ 375x812 (1813ms)
  [59/108] ✓ /markets/hillsboro-mile/ @ 768x1024 (2016ms)
  [60/108] ✓ /markets/hillsboro-mile/ @ 1280x800 (2231ms)
  [62/108] ✓ /markets/bay-colony/ @ 768x1024 (2912ms)
  [61/108] ✓ /markets/bay-colony/ @ 375x812 (4141ms)
  [63/108] ✓ /markets/bay-colony/ @ 1280x800 (2182ms)
  [64/108] ✓ /markets/bermuda-riviera/ @ 375x812 (1787ms)
  [65/108] ✓ /markets/bermuda-riviera/ @ 768x1024 (2204ms)
  [66/108] ✓ /markets/bermuda-riviera/ @ 1280x800 (2371ms)
  [67/108] ✓ /markets/pompano-beach/ @ 375x812 (1887ms)
  [68/108] ✓ /markets/pompano-beach/ @ 768x1024 (2303ms)
  [69/108] ✓ /markets/pompano-beach/ @ 1280x800 (2394ms)
  [70/108] ✓ /markets/deerfield-beach/ @ 375x812 (2050ms)
  [71/108] ✓ /markets/deerfield-beach/ @ 768x1024 (2260ms)
  [72/108] ✓ /markets/deerfield-beach/ @ 1280x800 (2262ms)
  [73/108] ✓ /markets/hollywood/ @ 375x812 (2000ms)
  [74/108] ✓ /markets/hollywood/ @ 768x1024 (1854ms)
  [76/108] ✓ /markets/plantation/ @ 375x812 (1967ms)
  [75/108] ✓ /markets/hollywood/ @ 1280x800 (2181ms)
  [77/108] ✓ /markets/plantation/ @ 768x1024 (1874ms)
  [78/108] ✓ /markets/plantation/ @ 1280x800 (1923ms)
  [79/108] ✓ /markets/weston/ @ 375x812 (2023ms)
  [80/108] ✓ /markets/weston/ @ 768x1024 (1853ms)
  [81/108] ✓ /markets/weston/ @ 1280x800 (2187ms)
  [82/108] ✓ /markets/coral-springs/ @ 375x812 (1932ms)
  [83/108] ✓ /markets/coral-springs/ @ 768x1024 (1794ms)
  [85/108] ✓ /markets/davie/ @ 375x812 (1907ms)
  [84/108] ✓ /markets/coral-springs/ @ 1280x800 (2071ms)
  [86/108] ✓ /markets/davie/ @ 768x1024 (1881ms)
  [87/108] ✓ /markets/davie/ @ 1280x800 (2132ms)
  [88/108] ✓ /markets/sunrise/ @ 375x812 (2202ms)
  [89/108] ✓ /markets/sunrise/ @ 768x1024 (1943ms)
  [91/108] ✓ /insights/ @ 375x812 (1795ms)
  [90/108] ✓ /markets/sunrise/ @ 1280x800 (2040ms)
  [92/108] ✓ /insights/ @ 768x1024 (1722ms)
  [94/108] ✓ /privacy/ @ 375x812 (1787ms)
  [93/108] ✓ /insights/ @ 1280x800 (2035ms)
  [95/108] ✓ /privacy/ @ 768x1024 (2114ms)
  [96/108] ✓ /privacy/ @ 1280x800 (1811ms)
  [97/108] ✓ /terms/ @ 375x812 (1722ms)
  [98/108] ✓ /terms/ @ 768x1024 (1897ms)
  [99/108] ✓ /terms/ @ 1280x800 (1905ms)
  [100/108] ✓ /accessibility/ @ 375x812 (1847ms)
  [101/108] ✓ /accessibility/ @ 768x1024 (1949ms)
  [103/108] ✓ /dmca/ @ 375x812 (1849ms)
  [102/108] ✓ /accessibility/ @ 1280x800 (2092ms)
  [104/108] ✓ /dmca/ @ 768x1024 (2128ms)
  [105/108] ✓ /dmca/ @ 1280x800 (1799ms)
  [106/108] ✓ /404 @ 375x812 (2022ms)
  [107/108] ✓ /404 @ 768x1024 (1705ms)
  [108/108] ✓ /404 @ 1280x800 (1712ms)

Done: 108/108 ok · 0 failed · 79s
Summary: docs/artifacts/cycle-36-bridge-live-integration/visual-qa/staging/_capture-summary.json
