=== LIGHTHOUSE: home (/) ===
=== AXE: home (/) ===
        You may also pass the `--chromedriver-path` option to axe:

        $ axe --chromedriver-path <path/to/chromedriver-executable>

=== LIGHTHOUSE: about (/about/) ===
=== AXE: about (/about/) ===
        You may also pass the `--chromedriver-path` option to axe:

        $ axe --chromedriver-path <path/to/chromedriver-executable>

=== LIGHTHOUSE: fort-lauderdale (/markets/fort-lauderdale/) ===
=== AXE: fort-lauderdale (/markets/fort-lauderdale/) ===
        You may also pass the `--chromedriver-path` option to axe:

        $ axe --chromedriver-path <path/to/chromedriver-executable>

=== LIGHTHOUSE: contact (/contact/) ===
=== AXE: contact (/contact/) ===
        You may also pass the `--chromedriver-path` option to axe:

        $ axe --chromedriver-path <path/to/chromedriver-executable>

=== LIGHTHOUSE: buyers (/buyers/) ===
=== AXE: buyers (/buyers/) ===
        You may also pass the `--chromedriver-path` option to axe:

        $ axe --chromedriver-path <path/to/chromedriver-executable>

=== LIGHTHOUSE: sellers (/sellers/) ===
=== AXE: sellers (/sellers/) ===
        You may also pass the `--chromedriver-path` option to axe:

        $ axe --chromedriver-path <path/to/chromedriver-executable>

=== LIGHTHOUSE: valuation (/valuation/) ===
=== AXE: valuation (/valuation/) ===
        You may also pass the `--chromedriver-path` option to axe:

        $ axe --chromedriver-path <path/to/chromedriver-executable>

DONE
