capture-baseline: 72 jobs · 36 routes × 2 viewports · concurrency 4 · base http://localhost:4174
output: docs/artifacts/cycle-35-recovery-full-completion/visual-qa/local-final
  [3/72] ✓ /about/ @ 375x812 (2406ms)
  [4/72] ✓ /about/ @ 1280x800 (3218ms)
  [1/72] ✓ / @ 375x812 (4526ms)
  [5/72] ✓ /buyers/ @ 375x812 (2124ms)
  [2/72] ✓ / @ 1280x800 (4920ms)
  [6/72] ✓ /buyers/ @ 1280x800 (2087ms)
  [7/72] ✓ /sellers/ @ 375x812 (1939ms)
  [9/72] ✓ /valuation/ @ 375x812 (1944ms)
  [8/72] ✓ /sellers/ @ 1280x800 (2696ms)
  [10/72] ✓ /valuation/ @ 1280x800 (2196ms)
  [11/72] ✓ /contact/ @ 375x812 (2071ms)
  [13/72] ✓ /markets/ @ 375x812 (2133ms)
  [12/72] ✓ /contact/ @ 1280x800 (2689ms)
  [14/72] ✓ /markets/ @ 1280x800 (2799ms)
  [15/72] ✓ /markets/fort-lauderdale/ @ 375x812 (1962ms)
  [16/72] ✓ /markets/fort-lauderdale/ @ 1280x800 (2021ms)
  [17/72] ✓ /markets/coral-ridge/ @ 375x812 (1923ms)
  [19/72] ✓ /markets/victoria-park/ @ 375x812 (2098ms)
  [18/72] ✓ /markets/coral-ridge/ @ 1280x800 (2455ms)
  [20/72] ✓ /markets/victoria-park/ @ 1280x800 (2214ms)
  [21/72] ✓ /markets/boca-raton/ @ 375x812 (2232ms)
  [23/72] ✓ /markets/palm-beach/ @ 375x812 (2178ms)
  [22/72] ✓ /markets/boca-raton/ @ 1280x800 (2764ms)
  [24/72] ✓ /markets/palm-beach/ @ 1280x800 (2033ms)
  [25/72] ✓ /markets/delray-beach/ @ 375x812 (1975ms)
  [26/72] ✓ /markets/delray-beach/ @ 1280x800 (2071ms)
  [27/72] ✓ /markets/lighthouse-point/ @ 375x812 (1873ms)
  [29/72] ✓ /markets/rio-vista/ @ 375x812 (1741ms)
  [28/72] ✓ /markets/lighthouse-point/ @ 1280x800 (2516ms)
  [31/72] ✓ /markets/harbor-beach/ @ 375x812 (1810ms)
  [32/72] ✓ /markets/harbor-beach/ @ 1280x800 (1868ms)
  [30/72] ✓ /markets/rio-vista/ @ 1280x800 (2581ms)
  [33/72] ✓ /markets/las-olas-isles/ @ 375x812 (1646ms)
  [34/72] ✓ /markets/las-olas-isles/ @ 1280x800 (1930ms)
  [35/72] ✓ /markets/seven-isles/ @ 375x812 (1864ms)
  [37/72] ✓ /markets/sea-ranch-lakes/ @ 375x812 (2012ms)
  [36/72] ✓ /markets/seven-isles/ @ 1280x800 (2474ms)
  [38/72] ✓ /markets/sea-ranch-lakes/ @ 1280x800 (1955ms)
  [39/72] ✓ /markets/hillsboro-mile/ @ 375x812 (1873ms)
  [41/72] ✓ /markets/bay-colony/ @ 375x812 (1736ms)
  [40/72] ✓ /markets/hillsboro-mile/ @ 1280x800 (3057ms)
  [42/72] ✓ /markets/bay-colony/ @ 1280x800 (2293ms)
  [43/72] ✓ /markets/bermuda-riviera/ @ 375x812 (2281ms)
  [44/72] ✓ /markets/bermuda-riviera/ @ 1280x800 (2572ms)
  [45/72] ✓ /markets/pompano-beach/ @ 375x812 (1974ms)
  [46/72] ✓ /markets/pompano-beach/ @ 1280x800 (2091ms)
  [47/72] ✓ /markets/deerfield-beach/ @ 375x812 (2031ms)
  [48/72] ✓ /markets/deerfield-beach/ @ 1280x800 (2515ms)
  [49/72] ✓ /markets/hollywood/ @ 375x812 (2183ms)
  [51/72] ✓ /markets/plantation/ @ 375x812 (1899ms)
  [50/72] ✓ /markets/hollywood/ @ 1280x800 (1969ms)
  [55/72] ✓ /markets/coral-springs/ @ 375x812 (1891ms)
  [53/72] ✓ /markets/weston/ @ 375x812 (2154ms)
  [52/72] ✓ /markets/plantation/ @ 1280x800 (2407ms)
  [54/72] ✓ /markets/weston/ @ 1280x800 (2303ms)
  [57/72] ✓ /markets/davie/ @ 375x812 (2116ms)
  [59/72] ✓ /markets/sunrise/ @ 375x812 (1941ms)
  [56/72] ✓ /markets/coral-springs/ @ 1280x800 (2372ms)
  [58/72] ✓ /markets/davie/ @ 1280x800 (2375ms)
  [63/72] ✓ /privacy/ @ 375x812 (1727ms)
  [60/72] ✓ /markets/sunrise/ @ 1280x800 (2156ms)
  [61/72] ✓ /insights/ @ 375x812 (2010ms)
  [62/72] ✓ /insights/ @ 1280x800 (2121ms)
  [65/72] ✓ /terms/ @ 375x812 (1803ms)
  [67/72] ✓ /accessibility/ @ 375x812 (1807ms)
  [64/72] ✓ /privacy/ @ 1280x800 (2160ms)
  [66/72] ✓ /terms/ @ 1280x800 (2217ms)
  [68/72] ✓ /accessibility/ @ 1280x800 (2158ms)
  [71/72] ✓ /404 @ 375x812 (1923ms)
  [69/72] ✓ /dmca/ @ 375x812 (2214ms)
  [70/72] ✓ /dmca/ @ 1280x800 (2147ms)
  [72/72] ✓ /404 @ 1280x800 (950ms)

Done: 72/72 ok · 0 failed · 40s
Summary: docs/artifacts/cycle-35-recovery-full-completion/visual-qa/local-final/_capture-summary.json
