capture-baseline: 72 jobs · 36 routes × 2 viewports · concurrency 4 · base https://miasanabriarealtor.trueidea.com
output: docs/artifacts/cycle-35-recovery-full-completion/visual-qa/staging-recovery
  [3/72] ✓ /about/ @ 375x812 (3238ms)
  [4/72] ✓ /about/ @ 1280x800 (3662ms)
  [1/72] ✓ / @ 375x812 (4669ms)
  [5/72] ✓ /buyers/ @ 375x812 (2081ms)
  [2/72] ✓ / @ 1280x800 (5343ms)
  [6/72] ✓ /buyers/ @ 1280x800 (2757ms)
  [7/72] ✓ /sellers/ @ 375x812 (2208ms)
  [9/72] ✓ /valuation/ @ 375x812 (2187ms)
  [8/72] ✓ /sellers/ @ 1280x800 (2473ms)
  [10/72] ✓ /valuation/ @ 1280x800 (2669ms)
  [11/72] ✓ /contact/ @ 375x812 (2287ms)
  [12/72] ✓ /contact/ @ 1280x800 (2576ms)
  [13/72] ✓ /markets/ @ 375x812 (3248ms)
  [15/72] ✓ /markets/fort-lauderdale/ @ 375x812 (2768ms)
  [14/72] ✓ /markets/ @ 1280x800 (4160ms)
  [16/72] ✓ /markets/fort-lauderdale/ @ 1280x800 (3548ms)
  [17/72] ✓ /markets/coral-ridge/ @ 375x812 (3009ms)
  [18/72] ✓ /markets/coral-ridge/ @ 1280x800 (3454ms)
  [19/72] ✓ /markets/victoria-park/ @ 375x812 (2402ms)
  [20/72] ✓ /markets/victoria-park/ @ 1280x800 (3152ms)
  [21/72] ✓ /markets/boca-raton/ @ 375x812 (2952ms)
  [23/72] ✓ /markets/palm-beach/ @ 375x812 (2294ms)
  [22/72] ✓ /markets/boca-raton/ @ 1280x800 (2943ms)
  [25/72] ✓ /markets/delray-beach/ @ 375x812 (2417ms)
  [24/72] ✓ /markets/palm-beach/ @ 1280x800 (2922ms)
  [26/72] ✓ /markets/delray-beach/ @ 1280x800 (2918ms)
  [27/72] ✓ /markets/lighthouse-point/ @ 375x812 (2588ms)
  [29/72] ✓ /markets/rio-vista/ @ 375x812 (2548ms)
  [28/72] ✓ /markets/lighthouse-point/ @ 1280x800 (2926ms)
  [31/72] ✓ /markets/harbor-beach/ @ 375x812 (2455ms)
  [30/72] ✓ /markets/rio-vista/ @ 1280x800 (3322ms)
  [33/72] ✓ /markets/las-olas-isles/ @ 375x812 (2760ms)
  [32/72] ✓ /markets/harbor-beach/ @ 1280x800 (3126ms)
  [34/72] ✓ /markets/las-olas-isles/ @ 1280x800 (3151ms)
  [35/72] ✓ /markets/seven-isles/ @ 375x812 (2399ms)
  [37/72] ✓ /markets/sea-ranch-lakes/ @ 375x812 (2212ms)
  [36/72] ✓ /markets/seven-isles/ @ 1280x800 (3063ms)
  [39/72] ✓ /markets/hillsboro-mile/ @ 375x812 (2840ms)
  [38/72] ✓ /markets/sea-ranch-lakes/ @ 1280x800 (2971ms)
  [40/72] ✓ /markets/hillsboro-mile/ @ 1280x800 (2833ms)
  [41/72] ✓ /markets/bay-colony/ @ 375x812 (2521ms)
  [43/72] ✓ /markets/bermuda-riviera/ @ 375x812 (3064ms)
  [42/72] ✓ /markets/bay-colony/ @ 1280x800 (3594ms)
  [44/72] ✓ /markets/bermuda-riviera/ @ 1280x800 (3261ms)
  [45/72] ✓ /markets/pompano-beach/ @ 375x812 (3072ms)
  [46/72] ✓ /markets/pompano-beach/ @ 1280x800 (3203ms)
  [47/72] ✓ /markets/deerfield-beach/ @ 375x812 (2779ms)
  [49/72] ✓ /markets/hollywood/ @ 375x812 (2868ms)
  [48/72] ✓ /markets/deerfield-beach/ @ 1280x800 (3107ms)
  [50/72] ✓ /markets/hollywood/ @ 1280x800 (2399ms)
  [51/72] ✓ /markets/plantation/ @ 375x812 (2409ms)
  [53/72] ✓ /markets/weston/ @ 375x812 (2273ms)
  [52/72] ✓ /markets/plantation/ @ 1280x800 (2522ms)
  [55/72] ✓ /markets/coral-springs/ @ 375x812 (2320ms)
  [54/72] ✓ /markets/weston/ @ 1280x800 (2611ms)
  [57/72] ✓ /markets/davie/ @ 375x812 (2289ms)
  [56/72] ✓ /markets/coral-springs/ @ 1280x800 (2585ms)
  [58/72] ✓ /markets/davie/ @ 1280x800 (2543ms)
  [59/72] ✓ /markets/sunrise/ @ 375x812 (2358ms)
  [61/72] ✓ /insights/ @ 375x812 (2284ms)
  [60/72] ✓ /markets/sunrise/ @ 1280x800 (3166ms)
  [63/72] ✓ /privacy/ @ 375x812 (2428ms)
  [62/72] ✓ /insights/ @ 1280x800 (2536ms)
  [64/72] ✓ /privacy/ @ 1280x800 (2676ms)
  [65/72] ✓ /terms/ @ 375x812 (2267ms)
  [67/72] ✓ /accessibility/ @ 375x812 (2098ms)
  [66/72] ✓ /terms/ @ 1280x800 (2360ms)
  [69/72] ✓ /dmca/ @ 375x812 (2078ms)
  [68/72] ✓ /accessibility/ @ 1280x800 (2352ms)
  [70/72] ✓ /dmca/ @ 1280x800 (2000ms)
  [71/72] ✓ /404 @ 375x812 (2176ms)
  [72/72] ✓ /404 @ 1280x800 (1731ms)

Done: 72/72 ok · 0 failed · 51s
Summary: docs/artifacts/cycle-35-recovery-full-completion/visual-qa/staging-recovery/_capture-summary.json
